// Vitest Snapshot v1, https://vitest.dev/guide/snapshot.html

exports[`pythonPrint: filter > filter_rows > date > != 1`] = `"df[df["my_column"].ne(1000)]"`;

exports[`pythonPrint: filter > filter_rows > date > < 1`] = `"df[df["my_column"] < 1000]"`;

exports[`pythonPrint: filter > filter_rows > date > <= 1`] = `"df[df["my_column"] <= 1000]"`;

exports[`pythonPrint: filter > filter_rows > date > == 1`] = `"df[df["my_column"] == 1000]"`;

exports[`pythonPrint: filter > filter_rows > date > > 1`] = `"df[df["my_column"] > 1000]"`;

exports[`pythonPrint: filter > filter_rows > date > >= 1`] = `"df[df["my_column"] >= 1000]"`;

exports[`pythonPrint: filter > filter_rows > date > is_false 1`] = `"df[df["my_column"].eq(False)]"`;

exports[`pythonPrint: filter > filter_rows > date > is_nan 1`] = `"df[df["my_column"].isna()]"`;

exports[`pythonPrint: filter > filter_rows > date > is_not_nan 1`] = `"df[df["my_column"].notna()]"`;

exports[`pythonPrint: filter > filter_rows > date > is_true 1`] = `"df[df["my_column"].eq(True)]"`;

exports[`pythonPrint: filter > filter_rows > number > != 1`] = `"df[df["my_column"].ne(42)]"`;

exports[`pythonPrint: filter > filter_rows > number > < 1`] = `"df[df["my_column"] < 42]"`;

exports[`pythonPrint: filter > filter_rows > number > <= 1`] = `"df[df["my_column"] <= 42]"`;

exports[`pythonPrint: filter > filter_rows > number > == 1`] = `"df[df["my_column"] == 42]"`;

exports[`pythonPrint: filter > filter_rows > number > > 1`] = `"df[df["my_column"] > 42]"`;

exports[`pythonPrint: filter > filter_rows > number > >= 1`] = `"df[df["my_column"] >= 42]"`;

exports[`pythonPrint: filter > filter_rows > number > is_nan 1`] = `"df[df["my_column"].isna()]"`;

exports[`pythonPrint: filter > filter_rows > number > is_not_nan 1`] = `"df[df["my_column"].notna()]"`;

exports[`pythonPrint: filter > filter_rows > string > contains 1`] = `"df[df["my_column"].str.contains("val")]"`;

exports[`pythonPrint: filter > filter_rows > string > does_not_equal 1`] = `"df[df["my_column"].ne("val")]"`;

exports[`pythonPrint: filter > filter_rows > string > ends_with 1`] = `"df[df["my_column"].str.endswith("val")]"`;

exports[`pythonPrint: filter > filter_rows > string > equals 1`] = `"df[df["my_column"].eq("val")]"`;

exports[`pythonPrint: filter > filter_rows > string > in 1`] = `"df[df["my_column"].isin("val")]"`;

exports[`pythonPrint: filter > filter_rows > string > regex 1`] = `"df[df["my_column"].str.contains("val", regex=True)]"`;

exports[`pythonPrint: filter > filter_rows > string > starts_with 1`] = `"df[df["my_column"].str.startswith("val")]"`;
