// Vitest Snapshot v1, https://vitest.dev/guide/snapshot.html

exports[`DatasourceContextProvider > formatContext > should format context for datasource with multiple databases > multi-db-context 1`] = `"<datasource connection="{"dialect":"duckdb","databases":[{"name":"db1","dialect":"duckdb","schemas":[{"name":"schema1","tables":[{"name":"table1","source_type":"connection","source":"multi","num_rows":10,"num_columns":2,"variable_name":null,"columns":[]},{"name":"table2","source_type":"connection","source":"multi","num_rows":20,"num_columns":3,"variable_name":null,"columns":[]}]}]},{"name":"db2","dialect":"duckdb","schemas":[{"name":"schema2","tables":[{"name":"table3","source_type":"connection","source":"multi","num_rows":15,"num_columns":4,"variable_name":null,"columns":[]}]},{"name":"schema3","tables":[]}]}],"default_database":"db1","default_schema":"schema1","engine_name":"multi"}"></datasource>"`;

exports[`DatasourceContextProvider > formatContext > should format context for internal duckdb with multiple tables > internal-datasource-context 1`] = `"<datasource connection="{"dialect":"duckdb","databases":[{"name":"main","dialect":"duckdb","schemas":[{"name":"public","tables":[{"name":"users","source_type":"connection","source":"__marimo_duckdb","num_rows":100,"num_columns":3,"variable_name":null,"columns":[]},{"name":"orders","source_type":"connection","source":"__marimo_duckdb","num_rows":50,"num_columns":4,"variable_name":null,"columns":[]}]},{"name":"analytics","tables":[{"name":"events","source_type":"connection","source":"__marimo_duckdb","num_rows":200,"num_columns":5,"variable_name":null,"columns":[]}]}]}]}" tables="[{"name":"users","source":"local","source_type":"local","num_rows":100,"num_columns":3,"variable_name":"users","columns":[{"name":"id","type":"integer","external_type":"INTEGER","sample_values":[1,2,3]},{"name":"name","type":"string","external_type":"VARCHAR","sample_values":["Alice","Bob","Charlie"]},{"name":"age","type":"integer","external_type":"INTEGER","sample_values":[25,30,35]}],"engine":null,"indexes":null,"primary_keys":null,"type":"table"},{"name":"orders","source":"local","source_type":"local","num_rows":100,"num_columns":3,"variable_name":"orders","columns":[{"name":"id","type":"integer","external_type":"INTEGER","sample_values":[1,2,3]},{"name":"name","type":"string","external_type":"VARCHAR","sample_values":["Alice","Bob","Charlie"]},{"name":"age","type":"integer","external_type":"INTEGER","sample_values":[25,30,35]}],"engine":null,"indexes":null,"primary_keys":null,"type":"table"},{"name":"events","source":"local","source_type":"local","num_rows":100,"num_columns":3,"variable_name":"events","columns":[{"name":"id","type":"integer","external_type":"INTEGER","sample_values":[1,2,3]},{"name":"name","type":"string","external_type":"VARCHAR","sample_values":["Alice","Bob","Charlie"]},{"name":"age","type":"integer","external_type":"INTEGER","sample_values":[25,30,35]}],"engine":null,"indexes":null,"primary_keys":null,"type":"table"}]"></datasource>"`;

exports[`DatasourceContextProvider > formatContext > should format context for postgres datasource > postgres-datasource-context 1`] = `"<datasource connection="{"dialect":"postgresql","databases":[{"name":"production","dialect":"postgresql","schemas":[{"name":"public","tables":[{"name":"customers","source_type":"connection","source":"postgres","num_rows":1000,"num_columns":8,"variable_name":null,"columns":[]},{"name":"products","source_type":"connection","source":"postgres","num_rows":500,"num_columns":6,"variable_name":null,"columns":[]},{"name":"sales","source_type":"connection","source":"postgres","num_rows":5000,"num_columns":10,"variable_name":null,"columns":[]}]}]}],"engine_name":"postgres"}"></datasource>"`;
